[ERROR] parse error: Expected another key-value pair at line 1, column 56
[ERROR] sub_g_check.g-jq-jq_prog FILE: ./logs/test_exit_err_msg.sh..log.g-sub_g_check returned 4
[ERROR] I want to see this returned 4
[ERROR] inner.sh returned 1
[ERROR] outer should not override inner returned 1
[ERROR] test_exit_err_msg.sh returned 1
